// Jest Snapshot v1, https://goo.gl/fbAQLP

exports[`Button component should render 1`] = `
<StyledComponent
  forwardedComponent={
    Object {
      "$$typeof": Symbol(react.forward_ref),
      "attrs": Array [],
      "componentStyle": ComponentStyle {
        "componentId": "sc-bdVaJa",
        "isStatic": false,
        "rules": Array [
          "
  background: ",
          [Function],
          ";
  color: ",
          [Function],
          ";
  cursor: pointer;
  font-size: 1em;
  margin: 1em;
  padding: 0.25em 1em;
  border: 2px solid blue;
  border-radius: 3px;
",
        ],
      },
      "displayName": "styled.button",
      "foldedComponentIds": Array [],
      "render": [Function],
      "styledComponentId": "sc-bdVaJa",
      "target": "button",
      "toString": [Function],
      "warnTooManyClasses": [Function],
      "withComponent": [Function],
    }
  }
  forwardedRef={null}
>
  Hello Button
</StyledComponent>
`;
